<html>
  <head>
  	<meta charset="utf-8">
  	<meta name="viewport" content="width=device-width, initial-scale=1.0">
    <title>test1</title>
  </head>
 
  <body>
    <p id="text"></p>
    {{message_msg1("1", "2", "3")}}
    
    {{message_msg2_with_param(value1, "2", value2)}}
    
    {{message_msg3_without_args()}}
    
    {{message_msg4_without_args()}}
  </body>
</html>
